// Jest Snapshot v1, https://goo.gl/fbAQLP

exports[`EditPostModal component renders correctly 1`] = `
<button
  className="z-0 group relative inline-flex items-center justify-center box-border appearance-none select-none whitespace-nowrap font-normal subpixel-antialiased overflow-hidden tap-highlight-transparent outline-none data-[focus-visible=true]:z-10 data-[focus-visible=true]:outline-2 data-[focus-visible=true]:outline-focus data-[focus-visible=true]:outline-offset-2 px-unit-4 min-w-unit-20 h-unit-10 text-small gap-unit-2 [&>svg]:max-w-[theme(spacing.unit-8)] data-[pressed=true]:scale-[0.97] transition-transform-colors-opacity motion-reduce:transition-none data-[hover=true]:opacity-hover mt-6 border border-green-600 rounded text-white bg-[#18181B] hover:bg-green-500"
  disabled={false}
  onBlur={[Function]}
  onClick={[Function]}
  onDragStart={[Function]}
  onFocus={[Function]}
  onKeyDown={[Function]}
  onKeyUp={[Function]}
  onMouseDown={[Function]}
  onMouseEnter={[Function]}
  onMouseLeave={[Function]}
  onMouseUp={[Function]}
  onTouchCancel={[Function]}
  onTouchEnd={[Function]}
  onTouchMove={[Function]}
  onTouchStart={[Function]}
  type="button"
>
  <svg
    fill="currentColor"
    height={20}
    stroke="currentColor"
    strokeWidth="0"
    style={
      Object {
        "color": undefined,
      }
    }
    viewBox="0 0 24 24"
    width={20}
    xmlns="http://www.w3.org/2000/svg"
  >
    <path
      d="M16.7574 2.99666L14.7574 4.99666H5V18.9967H19V9.2393L21 7.2393V19.9967C21 20.5489 20.5523 20.9967 20 20.9967H4C3.44772 20.9967 3 20.5489 3 19.9967V3.99666C3 3.44438 3.44772 2.99666 4 2.99666H16.7574ZM20.4853 2.09717L21.8995 3.51138L12.7071 12.7038L11.2954 12.7062L11.2929 11.2896L20.4853 2.09717Z"
    />
  </svg>
</button>
`;
