// Jest Snapshot v1, https://goo.gl/fbAQLP

exports[`LoginSite component renders correctly 1`] = `
<div
  className="flex items-center justify-center overflow-hidden h-[calc(100vh-65px)]"
>
  <div
    className="border border-solid border-gray-200 rounded-2xl text-center text-gray-200 font-helvetica py-10 px-16 w-300 mb-80 bg-black mt-60 overflow-hidden hover:border-blue-300"
  >
    <h1
      className="text-7xl font-bold bg-gradient-to-r from-blue-500 to-blue-700 text-transparent bg-clip-text"
    >
      LOG IN
    </h1>
    <form
      onSubmit={[Function]}
    >
      <label>
        <div
          className="form__group field"
        >
          <input
            className="form__field"
            name="username"
            onChange={[Function]}
            placeholder="Username"
            required=""
            type="text"
            value=""
          />
          <label
            className="form__label"
            htmlFor="name"
          >
            Username
          </label>
        </div>
      </label>
      <label>
        <div
          className="form__group field"
        >
          <input
            className="form__field"
            name="password"
            onChange={[Function]}
            placeholder="Password"
            required=""
            type="password"
            value=""
          />
          <label
            className="form__label"
            htmlFor="name"
          >
            Password
          </label>
        </div>
      </label>
      <div
        className="form-buttons"
      >
        <button
          className="group tap-highlight-transparent transition-transform-colors-opacity data-[hover=true]:opacity-hover z-0 group relative inline-flex items-center justify-center box-border appearance-none select-none whitespace-nowrap font-normal subpixel-antialiased overflow-hidden tap-highlight-transparent outline-none data-[focus-visible=true]:z-10 data-[focus-visible=true]:outline-2 data-[focus-visible=true]:outline-focus data-[focus-visible=true]:outline-offset-2 border-medium bg-transparent px-unit-4 min-w-unit-20 h-unit-10 text-small gap-unit-2 rounded-medium [&>svg]:max-w-[theme(spacing.unit-8)] data-[pressed=true]:scale-[0.97] transition-transform-colors-opacity motion-reduce:transition-none border-primary hover:!text-primary-foreground hover:!bg-primary text-white ml-2 mr-2"
          disabled={false}
          href="#"
          onBlur={[Function]}
          onClick={[Function]}
          onDragStart={[Function]}
          onFocus={[Function]}
          onKeyDown={[Function]}
          onKeyUp={[Function]}
          onMouseDown={[Function]}
          onMouseEnter={[Function]}
          onMouseLeave={[Function]}
          onMouseUp={[Function]}
          onTouchCancel={[Function]}
          onTouchEnd={[Function]}
          onTouchMove={[Function]}
          onTouchStart={[Function]}
          role="button"
          tabIndex={0}
          type="button"
        >
          Log in
        </button>
        <button
          className="group tap-highlight-transparent transition-transform-colors-opacity data-[hover=true]:opacity-hover z-0 group relative inline-flex items-center justify-center box-border appearance-none select-none whitespace-nowrap font-normal subpixel-antialiased overflow-hidden tap-highlight-transparent outline-none data-[focus-visible=true]:z-10 data-[focus-visible=true]:outline-2 data-[focus-visible=true]:outline-focus data-[focus-visible=true]:outline-offset-2 border-medium bg-transparent px-unit-4 min-w-unit-20 h-unit-10 text-small gap-unit-2 rounded-medium [&>svg]:max-w-[theme(spacing.unit-8)] data-[pressed=true]:scale-[0.97] transition-transform-colors-opacity motion-reduce:transition-none border-primary hover:!text-primary-foreground hover:!bg-primary text-white ml-2 mr-2"
          disabled={false}
          href="#"
          onBlur={[Function]}
          onClick={[Function]}
          onDragStart={[Function]}
          onFocus={[Function]}
          onKeyDown={[Function]}
          onKeyUp={[Function]}
          onMouseDown={[Function]}
          onMouseEnter={[Function]}
          onMouseLeave={[Function]}
          onMouseUp={[Function]}
          onTouchCancel={[Function]}
          onTouchEnd={[Function]}
          onTouchMove={[Function]}
          onTouchStart={[Function]}
          role="button"
          tabIndex={0}
          type="button"
        >
          Home
        </button>
      </div>
    </form>
  </div>
</div>
`;
