// Jest Snapshot v1, https://goo.gl/fbAQLP

exports[`Navbar component matches the snapshot 1`] = `
<nav
  className="flex z-40 w-full h-auto items-center justify-center data-[menu-open=true]:border-none sticky top-0 inset-x-0 backdrop-blur-lg data-[menu-open=true]:backdrop-blur-xl backdrop-saturate-150 bg-background/70"
  style={
    Object {
      "--navbar-height": "4rem",
    }
  }
>
  <header
    className="z-40 flex px-6 gap-4 w-full flex-row relative flex-nowrap items-center justify-between h-[var(--navbar-height)] max-w-[1024px]"
  >
    <div
      className="flex basis-0 flex-row flex-grow flex-nowrap justify-start bg-transparent items-center no-underline text-medium whitespace-nowrap box-border"
    >
      <p
        className="font-bold text-2xl cursor-pointer"
        onClick={[Function]}
      >
        Wallashop
      </p>
    </div>
    <ul
      className="flex gap-4 h-full flex-row flex-nowrap items-center data-[justify=start]:justify-start data-[justify=start]:flex-grow data-[justify=start]:basis-0 data-[justify=center]:justify-center data-[justify=end]:justify-end data-[justify=end]:flex-grow data-[justify=end]:basis-0"
      data-justify="end"
    >
      <li
        className="text-medium whitespace-nowrap box-border list-none data-[active=true]:font-semibold"
      >
        <div
          className="flex gap-2 items-center"
        >
          <div>
            NotificationModal Mock
          </div>
          <button
            className="group tap-highlight-transparent transition-transform-colors-opacity data-[hover=true]:opacity-hover z-0 group relative inline-flex items-center justify-center box-border appearance-none select-none whitespace-nowrap font-normal subpixel-antialiased overflow-hidden tap-highlight-transparent outline-none data-[focus-visible=true]:z-10 data-[focus-visible=true]:outline-2 data-[focus-visible=true]:outline-focus data-[focus-visible=true]:outline-offset-2 px-unit-4 min-w-unit-20 h-unit-10 text-small gap-unit-2 rounded-medium [&>svg]:max-w-[theme(spacing.unit-8)] data-[pressed=true]:scale-[0.97] transition-transform-colors-opacity motion-reduce:transition-none bg-primary/20 data-[hover=true]:opacity-hover text-black"
            disabled={false}
            href="#"
            onBlur={[Function]}
            onClick={[Function]}
            onDragStart={[Function]}
            onFocus={[Function]}
            onKeyDown={[Function]}
            onKeyUp={[Function]}
            onMouseDown={[Function]}
            onMouseEnter={[Function]}
            onMouseLeave={[Function]}
            onMouseUp={[Function]}
            onTouchCancel={[Function]}
            onTouchEnd={[Function]}
            onTouchMove={[Function]}
            onTouchStart={[Function]}
            role="button"
            tabIndex={0}
            type="button"
          >
            Log out
          </button>
          <div>
            UserModal Mock
          </div>
        </div>
      </li>
    </ul>
  </header>
</nav>
`;
